2025-03-31 21:21:50,806 - __main__ - ERROR - 读取 CSV 文件时出错: [Errno 2] No such file or directory: '搜索功能模块_test_cases.csv'
2025-03-31 21:21:50,812 - __main__ - ERROR - 无法解析测试数据: {'bullet_chat': 'a' * 100}
